send email:
to:llewellyn@example.com
subject:Your feedback is important to us
message:Regarding your delivery today at 2000-01-02 03:24.
How likely would you be to recommend this delivery service to a friend?

Click <a href='http://example.com/feedback'>here</a>


send email:
to:brian@example.com
subject:Your delivery will arrive soon
message:Your delivery to [58.377,26.727] is next, estimated time of arrival is in 0 minutes. Be ready!


saved:
{
  "id": 1,
  "contactEmail": "llewellyn@example.com",
  "latitude": 58.377,
  "longitude": 26.727,
  "timeOfDelivery": "2000-01-02T03:24:05",
  "arrived": true,
  "onTime": false
}